// Jest Snapshot v1, https://goo.gl/fbAQLP

exports[`Utilities Test Graph Generation 1`] = `"<svg xmlns:ct=\\"http://gionkunz.github.com/chartist-js/ct\\" width=\\"10\\" height=\\"5\\" class=\\"ct-chart-line\\"><g class=\\"ct-grids\\"><line x1=\\"50\\" x2=\\"50\\" y1=\\"15\\" y2=\\"16\\" class=\\"ct-grid ct-horizontal\\"></line><line x1=\\"50.2\\" x2=\\"50.2\\" y1=\\"15\\" y2=\\"16\\" class=\\"ct-grid ct-horizontal\\"></line><line x1=\\"50.4\\" x2=\\"50.4\\" y1=\\"15\\" y2=\\"16\\" class=\\"ct-grid ct-horizontal\\"></line><line x1=\\"50.6\\" x2=\\"50.6\\" y1=\\"15\\" y2=\\"16\\" class=\\"ct-grid ct-horizontal\\"></line><line x1=\\"50.8\\" x2=\\"50.8\\" y1=\\"15\\" y2=\\"16\\" class=\\"ct-grid ct-horizontal\\"></line><line y1=\\"16\\" y2=\\"16\\" x1=\\"50\\" x2=\\"51\\" class=\\"ct-grid ct-vertical\\"></line></g><g><g class=\\"ct-series ct-series-a\\"><path d=\\"M50,15.9C50.067,15.883,50.133,15.879,50.2,15.85C50.267,15.821,50.333,15.552,50.4,15.5C50.467,15.448,50.533,15.433,50.6,15.4C50.667,15.367,50.733,15.333,50.8,15.3\\" class=\\"ct-line\\"></path><line x1=\\"50\\" y1=\\"15.9\\" x2=\\"50.01\\" y2=\\"15.9\\" class=\\"ct-point\\" ct:value=\\"2\\"></line><line x1=\\"50.2\\" y1=\\"15.85\\" x2=\\"50.21\\" y2=\\"15.85\\" class=\\"ct-point\\" ct:value=\\"3\\"></line><line x1=\\"50.4\\" y1=\\"15.5\\" x2=\\"50.41\\" y2=\\"15.5\\" class=\\"ct-point\\" ct:value=\\"10\\"></line><line x1=\\"50.6\\" y1=\\"15.4\\" x2=\\"50.61\\" y2=\\"15.4\\" class=\\"ct-point\\" ct:value=\\"12\\"></line><line x1=\\"50.8\\" y1=\\"15.3\\" x2=\\"50.809999999999995\\" y2=\\"15.3\\" class=\\"ct-point\\" ct:value=\\"14\\"></line></g></g><g class=\\"ct-labels\\"><text x=\\"50\\" y=\\"36\\" width=\\"0.2\\" height=\\"20\\" class=\\"ct-label ct-horizontal ct-end\\">1</text><text x=\\"50.2\\" y=\\"36\\" width=\\"0.2\\" height=\\"20\\" class=\\"ct-label ct-horizontal ct-end\\">2</text><text x=\\"50.4\\" y=\\"36\\" width=\\"0.20000000000000007\\" height=\\"20\\" class=\\"ct-label ct-horizontal ct-end\\">3</text><text x=\\"50.6\\" y=\\"36\\" width=\\"0.19999999999999996\\" height=\\"20\\" class=\\"ct-label ct-horizontal ct-end\\">4</text><text x=\\"50.8\\" y=\\"36\\" width=\\"30\\" height=\\"20\\" class=\\"ct-label ct-horizontal ct-end\\">5</text><text y=\\"16\\" x=\\"40\\" height=\\"30\\" width=\\"30\\" class=\\"ct-label ct-vertical ct-start\\">0</text></g></svg>"`;
